
> ToDoMore@0.0.1 test
> jest src/utils/formValidation.test.ts

node.exe : FAIL 
src/utils/formValidation.test.ts
At C:\Program Files\nodejs\npm.ps1:29 char:3
+   & $NODE_EXE $NPM_CLI_JS $args
+   ~~~~~~~~~~~~~~~~~~~~~~~~~~~~~
    + CategoryInfo          : NotSpecified: 
    (FAIL src/utils/formValidation.test.ts  
  :String) [], RemoteException
    + FullyQualifiedErrorId : NativeCommand 
   Error
 
  formValidation utilities
    validateUsername
      ΓêÜ should reject empty username (1 
ms)
      ΓêÜ should reject whitespace-only 
username
      ΓêÜ should reject username below 
minimum length (1 ms)
      ΓêÜ should reject username above 
maximum length
      ΓêÜ should accept valid username
      ΓêÜ should accept username with 
numbers (1 ms)
      ΓêÜ should accept username at maximum 
length
    validatePin
      ΓêÜ should reject empty PIN
      ΓêÜ should reject PIN with non-digits
      ΓêÜ should reject PIN with 3 digits
      ΓêÜ should reject PIN with 5 digits
      ΓêÜ should accept valid PIN with 4 
digits
      ΓêÜ should accept PIN with all zeros
      ΓêÜ should accept PIN with all nines 
(1 ms)
      ΓêÜ should reject PIN with spaces
      ΓêÜ should reject PIN with special 
characters
    validatePinMatch
      ΓêÜ should reject empty confirm PIN
      ΓêÜ should reject mismatched PINs
      ΓêÜ should accept matching PINs
      ΓêÜ should accept matching zero PINs 
(1 ms)
      ΓêÜ should be case-sensitive for 
numeric comparison
      ΓêÜ should reject even slightly 
different PINs
    filterNumericInput
      ├ù should remove all non-numeric 
characters (2 ms)
      ΓêÜ should limit to maxLength 
parameter
      ΓêÜ should default to 4 character 
limit (1 ms)
      ΓêÜ should handle empty string
      ΓêÜ should remove special characters
      ΓêÜ should handle spaces
      ΓêÜ should remove letters
      ΓêÜ should handle maxLength of 1
      ΓêÜ should handle maxLength larger 
than input
      ΓêÜ should keep all digits when 
maxLength allows
    validateRegistrationForm
      ΓêÜ should return valid when all 
fields correct (1 ms)
      ΓêÜ should reject empty username
      ΓêÜ should reject empty PIN
      ΓêÜ should reject mismatched PINs
      ΓêÜ should reject invalid username 
and PIN together
      ΓêÜ should accumulate all errors (1 
ms)
      ΓêÜ should accept minimum valid 
username
      ΓêÜ should provide error messages for 
each field
    validateLoginForm
      ΓêÜ should return valid when all 
fields correct
      ΓêÜ should reject empty username (1 
ms)
      ΓêÜ should reject empty PIN
      ΓêÜ should reject invalid username
      ΓêÜ should reject invalid PIN
      ΓêÜ should accumulate all errors
      ΓêÜ should not check PIN confirmation 
in login
      ΓêÜ should accept valid minimum 
username
    integration tests
      ΓêÜ should validate complete 
registration flow (1 ms)
      ΓêÜ should validate complete login 
flow
      ΓêÜ should reject registration with 
weak PIN
      ΓêÜ should filter PIN input and 
validate
      ΓêÜ should handle real-world PIN 
entry scenario

  ΓùÅ formValidation utilities ΓÇ║ 
filterNumericInput ΓÇ║ should remove all 
non-numeric characters

    expect(received).toBe(expected) // 
Object.is equality

    Expected: "123456"
    Received: "1234"

    [0m [90m 136 |[39m     
it([32m'should remove all non-numeric 
characters'[39m[33m,[39m () [33m=>[39m 
{
     [90m 137 |[39m       [36mconst[39m 
result [33m=[39m formValidation[33m.[39m
filterNumericInput([32m'12a34b56'[39m)[33
m;[39m
    [31m[1m>[22m[39m[90m 138 |[39m    
   expect(result)[33m.[39mtoBe([32m'12345
6'[39m)[33m;[39m
     [90m     |[39m                      
[31m[1m^[22m[39m
     [90m 139 |[39m     })[33m;[39m
     [90m 140 |[39m
     [90m 141 |[39m     it([32m'should 
limit to maxLength 
parameter'[39m[33m,[39m () [33m=>[39m 
{[0m

      at Object.toBe 
(src/utils/formValidation.test.ts:138:22)

Test Suites: 1 failed, 1 total
Tests:       1 failed, 52 passed, 53 total
Snapshots:   0 total
Time:        0.593 s, estimated 1 s
Ran all test suites matching 
/src\\utils\\formValidation.test.ts/i.
